
> clean-app@0.0.0 build
> tsc && vite build

src/components/auth/AuthModal.tsx(3,26): error TS2307: Cannot find module '../lib/supabase' or its corresponding type declarations.
src/components/auth/AuthModal.tsx(5,31): error TS2307: Cannot find module '../utils/animations' or its corresponding type declarations.
src/components/auth/ProfileDrawer.tsx(3,29): error TS2307: Cannot find module '../types' or its corresponding type declarations.
src/components/auth/ProfileDrawer.tsx(4,26): error TS2307: Cannot find module '../lib/supabase' or its corresponding type declarations.
src/components/auth/ProfileDrawer.tsx(5,30): error TS2307: Cannot find module '../utils/avatar' or its corresponding type declarations.
src/components/cart/CartDrawer.tsx(3,25): error TS2307: Cannot find module '../types' or its corresponding type declarations.
src/components/cart/CheckoutModal.tsx(5,26): error TS2307: Cannot find module '../lib/supabase' or its corresponding type declarations.
src/components/cart/CheckoutModal.tsx(6,38): error TS2307: Cannot find module '../types' or its corresponding type declarations.
src/components/common/InstallPrompt.tsx(3,42): error TS2307: Cannot find module '../types' or its corresponding type declarations.
src/components/common/InstallPrompt.tsx(4,28): error TS2307: Cannot find module '../constants/logo' or its corresponding type declarations.
src/components/layout/BottomNav.tsx(3,29): error TS2307: Cannot find module '../types' or its corresponding type declarations.
src/components/layout/BottomNav.tsx(4,30): error TS2307: Cannot find module '../utils/avatar' or its corresponding type declarations.
src/components/layout/Footer.tsx(3,36): error TS2307: Cannot find module '../constants/verses' or its corresponding type declarations.
src/components/layout/Header.tsx(3,29): error TS2307: Cannot find module '../types' or its corresponding type declarations.
src/components/layout/Header.tsx(4,30): error TS2307: Cannot find module '../utils/avatar' or its corresponding type declarations.
src/components/layout/Header.tsx(5,28): error TS2307: Cannot find module '../constants/logo' or its corresponding type declarations.
src/components/layout/Hero.tsx(3,36): error TS2307: Cannot find module '../constants/verses' or its corresponding type declarations.
src/components/layout/MobileMenu.tsx(3,28): error TS2307: Cannot find module '../constants/logo' or its corresponding type declarations.
src/components/product/ProductCard.tsx(3,25): error TS2307: Cannot find module '../types' or its corresponding type declarations.
src/components/product/ProductCard.tsx(4,31): error TS2307: Cannot find module './ImageWithFallback' or its corresponding type declarations.
src/components/product/ProductCard.tsx(5,30): error TS2307: Cannot find module '../utils/avatar' or its corresponding type declarations.
src/components/product/ProductDetailsModal.tsx(3,25): error TS2307: Cannot find module '../types' or its corresponding type declarations.
src/components/product/ProductDetailsModal.tsx(4,30): error TS2307: Cannot find module '../utils/avatar' or its corresponding type declarations.
src/components/product/ProductFormModal.tsx(4,26): error TS2307: Cannot find module '../lib/supabase' or its corresponding type declarations.
src/components/product/ProductFormModal.tsx(5,56): error TS2307: Cannot find module '../types' or its corresponding type declarations.
src/components/product/ProductFormModal.tsx(115,19): error TS7006: Parameter 'prev' implicitly has an 'any' type.
